// Vitest Snapshot v1, https://vitest.dev/guide/snapshot.html

exports[`Adapatateur de Restitution HTML > représente les informations du diagnostic 1`] = `"<h4>Informations</h4><div class="fr-mt-2w fr-mb-5w" id="information-contenu"><div class="fr-mb-2w" id="information-id">ID 63a5fba6-efe0-4da1-ab6f-45d4cb330938</div><div class="autres-informations"><p>Projet créé le<strong> 01.06.2024</strong> à<strong> 15:30</strong></p><p>Dernière Modification le<strong> 02.06.2024</strong> à<strong> 15:30</strong></p><p>Zone géographique :<strong> </strong></p><p>Secteur d'activité :<strong> </strong></p></div></div>"`;
